Salut le monde !
